producer_class	xtools.gsea.Gsea
producer_timestamp	1353615686331
param	collapse	false
param	cls	/Users/risserlin/SourceCode/EnrichmentMap/branch_refactor/src/test/resources/org/baderlab/csplugins/enrichmentmap/task/LoadDataset/8w_r9c_vs_wt_SN.cls#R9C_8W_versus_WT_8W
param	plot_top_x	20
param	norm	meandiv
param	save_rnd_lists	false
param	median	false
param	num	100
param	scoring_scheme	weighted
param	make_sets	true
param	mode	Max_probe
param	gmx	/Users/risserlin/SourceCode/EnrichmentMap/branch_refactor/src/test/resources/org/baderlab/csplugins/enrichmentmap/task/LoadDataset/gs_apop_mouse.gmt
param	gui	false
param	metric	Signal2Noise
param	rpt_label	example_output
param	help	false
param	order	descending
param	out	/Users/risserlin/SourceCode/EnrichmentMap/branch_refactor/src/test/resources/org/baderlab/csplugins/enrichmentmap/task/LoadDataset
param	permute	gene_set
param	rnd_type	no_balance
param	set_min	1
param	include_only_symbols	true
param	sort	real
param	rnd_seed	timestamp
param	nperm	1000
param	zip_report	false
param	set_max	500
param	res	/Users/risserlin/SourceCode/EnrichmentMap/branch_refactor/src/test/resources/org/baderlab/csplugins/enrichmentmap/task/LoadDataset/Expressiontestfile.gct

file	/Users/risserlin/SourceCode/EnrichmentMap/branch_refactor/src/test/resources/org/baderlab/csplugins/enrichmentmap/task/LoadDataset/example_output.Gsea.1353615686331/index.html
